17:39:32.050 [main] INFO  i.g.udonabe.donabe.Main  - Donabe launched.
17:39:32.061 [main] DEBUG i.g.udonabe.donabe.Main  - Source file read.
17:39:32.066 [main] DEBUG i.g.udonabe.donabe.Main  - Lexical analysis successful.
17:39:32.137 [main] DEBUG i.g.udonabe.donabe.Main  - Parse successful.
17:39:32.147 [main] DEBUG i.g.udonabe.donabe.Main  - Semantic analysis successful.
17:39:32.278 [main] DEBUG i.g.udonabe.donabe.Main  - Launching interpreter...
17:39:32.294 [main] INFO  i.g.udonabe.donabe.Main  - Normal termination.
17:53:06.244 [main] INFO  i.g.udonabe.donabe.Main  - Donabe launched.
17:53:06.254 [main] DEBUG i.g.udonabe.donabe.Main  - Source file read.
17:53:06.259 [main] DEBUG i.g.udonabe.donabe.Main  - Lexical analysis successful.
17:53:16.543 [main] INFO  i.g.udonabe.donabe.Main  - Donabe launched.
17:53:16.555 [main] DEBUG i.g.udonabe.donabe.Main  - Source file read.
17:53:16.560 [main] DEBUG i.g.udonabe.donabe.Main  - Lexical analysis successful.
17:53:16.641 [main] DEBUG i.g.udonabe.donabe.Main  - Parse successful.
17:53:51.754 [main] INFO  i.g.udonabe.donabe.Main  - Donabe launched.
17:53:51.767 [main] DEBUG i.g.udonabe.donabe.Main  - Source file read.
17:53:51.771 [main] DEBUG i.g.udonabe.donabe.Main  - Lexical analysis successful.
17:53:51.846 [main] DEBUG i.g.udonabe.donabe.Main  - Parse successful.
17:55:58.252 [main] INFO  i.g.udonabe.donabe.Main  - Donabe launched.
17:55:58.265 [main] DEBUG i.g.udonabe.donabe.Main  - Source file read.
17:55:58.271 [main] DEBUG i.g.udonabe.donabe.Main  - Lexical analysis successful.
17:55:58.340 [main] DEBUG i.g.udonabe.donabe.Main  - Parse successful.
17:56:45.365 [main] INFO  i.g.udonabe.donabe.Main  - Donabe launched.
17:56:45.377 [main] DEBUG i.g.udonabe.donabe.Main  - Source file read.
17:56:45.381 [main] DEBUG i.g.udonabe.donabe.Main  - Lexical analysis successful.
17:56:45.448 [main] DEBUG i.g.udonabe.donabe.Main  - Parse successful.
17:56:45.454 [main] ERROR i.g.u.d.s.SemanticAnalyzer - Scope[symbolTable={print=SymbolInformation[isAssignable=false, isTemporary=false]}, parent=null]
17:57:50.922 [main] INFO  i.g.udonabe.donabe.Main  - Donabe launched.
17:57:50.934 [main] DEBUG i.g.udonabe.donabe.Main  - Source file read.
17:57:50.938 [main] DEBUG i.g.udonabe.donabe.Main  - Lexical analysis successful.
17:57:51.009 [main] DEBUG i.g.udonabe.donabe.Main  - Parse successful.
17:57:51.016 [main] DEBUG i.g.u.d.s.SemanticAnalyzer - 0
17:57:51.019 [main] DEBUG i.g.u.d.s.SemanticAnalyzer - 1
17:57:51.019 [main] ERROR i.g.u.d.s.SemanticAnalyzer - Scope[symbolTable={print=SymbolInformation[isAssignable=false, isTemporary=false]}, parent=null]
17:58:51.289 [main] INFO  i.g.udonabe.donabe.Main  - Donabe launched.
17:58:51.300 [main] DEBUG i.g.udonabe.donabe.Main  - Source file read.
17:58:51.305 [main] DEBUG i.g.udonabe.donabe.Main  - Lexical analysis successful.
17:58:51.372 [main] DEBUG i.g.udonabe.donabe.Main  - Parse successful.
17:58:51.380 [main] DEBUG i.g.u.d.s.SemanticAnalyzer - 0
17:58:51.382 [main] DEBUG i.g.u.d.s.SemanticAnalyzer - 1
17:58:51.382 [main] ERROR i.g.u.d.s.SemanticAnalyzer - Scope[symbolTable={print=SymbolInformation[isAssignable=false, isTemporary=false], range=SymbolInformation[isAssignable=false, isTemporary=false]}, parent=null]
17:58:51.406 [main] DEBUG i.g.udonabe.donabe.Main  - Semantic analysis successful.
17:58:51.456 [main] DEBUG i.g.udonabe.donabe.Main  - Launching interpreter...
17:58:51.458 [main] DEBUG i.g.u.d.r.Interpreter    - Invalid callee: UndefinedValue[]
17:59:58.023 [main] INFO  i.g.udonabe.donabe.Main  - Donabe launched.
17:59:58.037 [main] DEBUG i.g.udonabe.donabe.Main  - Source file read.
17:59:58.042 [main] DEBUG i.g.udonabe.donabe.Main  - Lexical analysis successful.
17:59:58.111 [main] DEBUG i.g.udonabe.donabe.Main  - Parse successful.
17:59:58.117 [main] ERROR i.g.u.d.s.SemanticAnalyzer - Scope[symbolTable={print=SymbolInformation[isAssignable=false, isTemporary=false], range=SymbolInformation[isAssignable=false, isTemporary=false]}, parent=null]
17:59:58.145 [main] DEBUG i.g.udonabe.donabe.Main  - Semantic analysis successful.
17:59:58.198 [main] DEBUG i.g.udonabe.donabe.Main  - Launching interpreter...
17:59:58.203 [main] INFO  i.g.udonabe.donabe.Main  - Normal termination.
18:01:59.073 [main] INFO  i.g.udonabe.donabe.Main  - Donabe launched.
18:01:59.084 [main] DEBUG i.g.udonabe.donabe.Main  - Source file read.
18:01:59.090 [main] DEBUG i.g.udonabe.donabe.Main  - Lexical analysis successful.
18:01:59.165 [main] DEBUG i.g.udonabe.donabe.Main  - Parse successful.
18:01:59.175 [main] DEBUG i.g.udonabe.donabe.Main  - Semantic analysis successful.
18:01:59.245 [main] DEBUG i.g.udonabe.donabe.Main  - Launching interpreter...
18:01:59.250 [main] INFO  i.g.udonabe.donabe.Main  - Normal termination.
18:03:47.286 [main] INFO  i.g.udonabe.donabe.Main  - Donabe launched.
18:03:47.298 [main] DEBUG i.g.udonabe.donabe.Main  - Source file read.
18:03:47.305 [main] DEBUG i.g.udonabe.donabe.Main  - Lexical analysis successful.
18:03:47.393 [main] DEBUG i.g.udonabe.donabe.Main  - Parse successful.
18:03:47.405 [main] DEBUG i.g.udonabe.donabe.Main  - Semantic analysis successful.
18:03:47.471 [main] DEBUG i.g.udonabe.donabe.Main  - Launching interpreter...
18:03:47.477 [main] INFO  i.g.udonabe.donabe.Main  - Normal termination.
18:03:57.850 [main] INFO  i.g.udonabe.donabe.Main  - Donabe launched.
18:03:57.862 [main] DEBUG i.g.udonabe.donabe.Main  - Source file read.
18:03:57.869 [main] DEBUG i.g.udonabe.donabe.Main  - Lexical analysis successful.
18:03:57.959 [main] DEBUG i.g.udonabe.donabe.Main  - Parse successful.
18:03:57.969 [main] DEBUG i.g.udonabe.donabe.Main  - Semantic analysis successful.
18:03:58.065 [main] DEBUG i.g.udonabe.donabe.Main  - Launching interpreter...
18:04:27.005 [main] INFO  i.g.udonabe.donabe.Main  - Donabe launched.
18:04:27.021 [main] DEBUG i.g.udonabe.donabe.Main  - Source file read.
18:04:27.030 [main] DEBUG i.g.udonabe.donabe.Main  - Lexical analysis successful.
18:04:27.103 [main] DEBUG i.g.udonabe.donabe.Main  - Parse successful.
18:04:27.113 [main] DEBUG i.g.udonabe.donabe.Main  - Semantic analysis successful.
18:04:27.184 [main] DEBUG i.g.udonabe.donabe.Main  - Launching interpreter...
18:04:27.188 [main] INFO  i.g.udonabe.donabe.Main  - Normal termination.
18:04:36.695 [main] INFO  i.g.udonabe.donabe.Main  - Donabe launched.
18:04:36.704 [main] DEBUG i.g.udonabe.donabe.Main  - Source file read.
18:04:36.709 [main] DEBUG i.g.udonabe.donabe.Main  - Lexical analysis successful.
18:04:36.779 [main] DEBUG i.g.udonabe.donabe.Main  - Parse successful.
18:04:36.787 [main] DEBUG i.g.udonabe.donabe.Main  - Semantic analysis successful.
18:04:36.851 [main] DEBUG i.g.udonabe.donabe.Main  - Launching interpreter...
18:04:36.857 [main] INFO  i.g.udonabe.donabe.Main  - Normal termination.
23:36:34.851 [main] INFO  i.g.udonabe.donabe.Main  - Donabe launched.
23:36:34.861 [main] DEBUG i.g.udonabe.donabe.Main  - Source file read.
23:36:34.868 [main] DEBUG i.g.udonabe.donabe.Main  - Lexical analysis successful.
23:36:34.943 [main] DEBUG i.g.udonabe.donabe.Main  - Parse successful.
23:36:34.953 [main] DEBUG i.g.udonabe.donabe.Main  - Semantic analysis successful.
23:36:35.102 [main] DEBUG i.g.udonabe.donabe.Main  - Launching interpreter...
23:36:35.120 [main] INFO  i.g.udonabe.donabe.Main  - Normal termination.
23:38:05.590 [main] INFO  i.g.udonabe.donabe.Main  - Donabe launched.
23:38:05.600 [main] DEBUG i.g.udonabe.donabe.Main  - Source file read.
23:38:05.607 [main] DEBUG i.g.udonabe.donabe.Main  - Lexical analysis successful.
23:38:05.687 [main] DEBUG i.g.udonabe.donabe.Main  - Parse successful.
23:38:05.698 [main] ERROR i.g.udonabe.donabe.Main  - An internal error has occurred.
java.lang.IllegalStateException: This identifier has already been resolved. value: 5
	at io.github.udonabe.donabe.ast.expr.Identifier.resolve(Identifier.java:26)
	at io.github.udonabe.donabe.semantic.SemanticAnalyzer.visitIdentifier(SemanticAnalyzer.java:288)
	at io.github.udonabe.donabe.semantic.SemanticAnalyzer.visitIdentifier(SemanticAnalyzer.java:18)
	at io.github.udonabe.donabe.ast.expr.Identifier.accept(Identifier.java:33)
	at io.github.udonabe.donabe.semantic.SemanticAnalyzer.visitBinaryExpression(SemanticAnalyzer.java:246)
	at io.github.udonabe.donabe.semantic.SemanticAnalyzer.visitBinaryExpression(SemanticAnalyzer.java:18)
	at io.github.udonabe.donabe.ast.expr.BinaryExpression.accept(BinaryExpression.java:10)
	at io.github.udonabe.donabe.semantic.SemanticAnalyzer.visitAssignExpression(SemanticAnalyzer.java:236)
	at io.github.udonabe.donabe.semantic.SemanticAnalyzer.visitAssignExpression(SemanticAnalyzer.java:18)
	at io.github.udonabe.donabe.ast.expr.AssignExpression.accept(AssignExpression.java:9)
	at io.github.udonabe.donabe.semantic.SemanticAnalyzer.visitExpressionStatement(SemanticAnalyzer.java:156)
	at io.github.udonabe.donabe.semantic.SemanticAnalyzer.visitExpressionStatement(SemanticAnalyzer.java:18)
	at io.github.udonabe.donabe.ast.statement.ExpressionStatement.accept(ExpressionStatement.java:10)
	at io.github.udonabe.donabe.semantic.SemanticAnalyzer.visitBlockStatement(SemanticAnalyzer.java:143)
	at io.github.udonabe.donabe.semantic.SemanticAnalyzer.visitBlockStatement(SemanticAnalyzer.java:18)
	at io.github.udonabe.donabe.ast.statement.BlockStatement.accept(BlockStatement.java:11)
	at io.github.udonabe.donabe.semantic.SemanticAnalyzer.visitWhileStatement(SemanticAnalyzer.java:212)
	at io.github.udonabe.donabe.semantic.SemanticAnalyzer.visitWhileStatement(SemanticAnalyzer.java:18)
	at io.github.udonabe.donabe.ast.statement.WhileStatement.accept(WhileStatement.java:11)
	at io.github.udonabe.donabe.semantic.SemanticAnalyzer.visitBlockStatement(SemanticAnalyzer.java:143)
	at io.github.udonabe.donabe.semantic.SemanticAnalyzer.visitBlockStatement(SemanticAnalyzer.java:18)
	at io.github.udonabe.donabe.ast.statement.BlockStatement.accept(BlockStatement.java:11)
	at io.github.udonabe.donabe.semantic.SemanticAnalyzer.visitProgram(SemanticAnalyzer.java:133)
	at io.github.udonabe.donabe.semantic.SemanticAnalyzer.visitProgram(SemanticAnalyzer.java:18)
	at io.github.udonabe.donabe.ast.Program.accept(Program.java:10)
	at io.github.udonabe.donabe.semantic.SemanticAnalyzer.check(SemanticAnalyzer.java:71)
	at io.github.udonabe.donabe.Main.call(Main.java:95)
	at io.github.udonabe.donabe.Main.call(Main.java:31)
	at picocli.CommandLine.executeUserObject(CommandLine.java:2031)
	at picocli.CommandLine.access$1500(CommandLine.java:148)
	at picocli.CommandLine$RunLast.executeUserObjectOfLastSubcommandWithSameParent(CommandLine.java:2469)
	at picocli.CommandLine$RunLast.handle(CommandLine.java:2461)
	at picocli.CommandLine$RunLast.handle(CommandLine.java:2423)
	at picocli.CommandLine$AbstractParseResultHandler.execute(CommandLine.java:2277)
	at picocli.CommandLine$RunLast.execute(CommandLine.java:2425)
	at picocli.CommandLine.execute(CommandLine.java:2174)
	at io.github.udonabe.donabe.Main.main(Main.java:62)
23:41:40.655 [main] INFO  i.g.udonabe.donabe.Main  - Donabe launched.
23:41:40.669 [main] DEBUG i.g.udonabe.donabe.Main  - Source file read.
23:41:40.679 [main] DEBUG i.g.udonabe.donabe.Main  - Lexical analysis successful.
23:41:40.766 [main] DEBUG i.g.udonabe.donabe.Main  - Parse successful.
23:41:40.775 [main] ERROR i.g.udonabe.donabe.Main  - An internal error has occurred.
java.lang.IllegalStateException: This identifier has already been resolved. value: 4
	at io.github.udonabe.donabe.ast.expr.Identifier.resolve(Identifier.java:26)
	at io.github.udonabe.donabe.semantic.SemanticAnalyzer.visitIdentifier(SemanticAnalyzer.java:268)
	at io.github.udonabe.donabe.semantic.SemanticAnalyzer.visitIdentifier(SemanticAnalyzer.java:19)
	at io.github.udonabe.donabe.ast.expr.Identifier.accept(Identifier.java:33)
	at io.github.udonabe.donabe.semantic.SemanticAnalyzer.visitBinaryExpression(SemanticAnalyzer.java:226)
	at io.github.udonabe.donabe.semantic.SemanticAnalyzer.visitBinaryExpression(SemanticAnalyzer.java:19)
	at io.github.udonabe.donabe.ast.expr.BinaryExpression.accept(BinaryExpression.java:10)
	at io.github.udonabe.donabe.semantic.SemanticAnalyzer.visitAssignExpression(SemanticAnalyzer.java:216)
	at io.github.udonabe.donabe.semantic.SemanticAnalyzer.visitAssignExpression(SemanticAnalyzer.java:19)
	at io.github.udonabe.donabe.ast.expr.AssignExpression.accept(AssignExpression.java:9)
	at io.github.udonabe.donabe.semantic.SemanticAnalyzer.visitExpressionStatement(SemanticAnalyzer.java:136)
	at io.github.udonabe.donabe.semantic.SemanticAnalyzer.visitExpressionStatement(SemanticAnalyzer.java:19)
	at io.github.udonabe.donabe.ast.statement.ExpressionStatement.accept(ExpressionStatement.java:10)
	at io.github.udonabe.donabe.semantic.SemanticAnalyzer.visitBlockStatement(SemanticAnalyzer.java:123)
	at io.github.udonabe.donabe.semantic.SemanticAnalyzer.visitBlockStatement(SemanticAnalyzer.java:19)
	at io.github.udonabe.donabe.ast.statement.BlockStatement.accept(BlockStatement.java:11)
	at io.github.udonabe.donabe.semantic.SemanticAnalyzer.visitWhileStatement(SemanticAnalyzer.java:192)
	at io.github.udonabe.donabe.semantic.SemanticAnalyzer.visitWhileStatement(SemanticAnalyzer.java:19)
	at io.github.udonabe.donabe.ast.statement.WhileStatement.accept(WhileStatement.java:11)
	at io.github.udonabe.donabe.semantic.SemanticAnalyzer.visitBlockStatement(SemanticAnalyzer.java:123)
	at io.github.udonabe.donabe.semantic.SemanticAnalyzer.visitBlockStatement(SemanticAnalyzer.java:19)
	at io.github.udonabe.donabe.ast.statement.BlockStatement.accept(BlockStatement.java:11)
	at io.github.udonabe.donabe.semantic.SemanticAnalyzer.visitProgram(SemanticAnalyzer.java:113)
	at io.github.udonabe.donabe.semantic.SemanticAnalyzer.visitProgram(SemanticAnalyzer.java:19)
	at io.github.udonabe.donabe.ast.Program.accept(Program.java:10)
	at io.github.udonabe.donabe.semantic.SemanticAnalyzer.check(SemanticAnalyzer.java:51)
	at io.github.udonabe.donabe.Main.call(Main.java:95)
	at io.github.udonabe.donabe.Main.call(Main.java:31)
	at picocli.CommandLine.executeUserObject(CommandLine.java:2031)
	at picocli.CommandLine.access$1500(CommandLine.java:148)
	at picocli.CommandLine$RunLast.executeUserObjectOfLastSubcommandWithSameParent(CommandLine.java:2469)
	at picocli.CommandLine$RunLast.handle(CommandLine.java:2461)
	at picocli.CommandLine$RunLast.handle(CommandLine.java:2423)
	at picocli.CommandLine$AbstractParseResultHandler.execute(CommandLine.java:2277)
	at picocli.CommandLine$RunLast.execute(CommandLine.java:2425)
	at picocli.CommandLine.execute(CommandLine.java:2174)
	at io.github.udonabe.donabe.Main.main(Main.java:62)
23:44:42.950 [main] INFO  i.g.udonabe.donabe.Main  - Donabe launched.
23:44:42.959 [main] DEBUG i.g.udonabe.donabe.Main  - Source file read.
23:44:42.966 [main] DEBUG i.g.udonabe.donabe.Main  - Lexical analysis successful.
23:44:43.050 [main] DEBUG i.g.udonabe.donabe.Main  - Parse successful.
23:44:43.089 [main] ERROR i.g.udonabe.donabe.Main  - An internal error has occurred.
java.lang.IllegalStateException: This identifier has already been resolved. value: 4 location: SourceFileLocation[line=12, column=4]
	at io.github.udonabe.donabe.ast.expr.Identifier.resolve(Identifier.java:26)
	at io.github.udonabe.donabe.semantic.SemanticAnalyzer.visitIdentifier(SemanticAnalyzer.java:268)
	at io.github.udonabe.donabe.semantic.SemanticAnalyzer.visitIdentifier(SemanticAnalyzer.java:19)
	at io.github.udonabe.donabe.ast.expr.Identifier.accept(Identifier.java:33)
	at io.github.udonabe.donabe.semantic.SemanticAnalyzer.visitBinaryExpression(SemanticAnalyzer.java:226)
	at io.github.udonabe.donabe.semantic.SemanticAnalyzer.visitBinaryExpression(SemanticAnalyzer.java:19)
	at io.github.udonabe.donabe.ast.expr.BinaryExpression.accept(BinaryExpression.java:10)
	at io.github.udonabe.donabe.semantic.SemanticAnalyzer.visitAssignExpression(SemanticAnalyzer.java:216)
	at io.github.udonabe.donabe.semantic.SemanticAnalyzer.visitAssignExpression(SemanticAnalyzer.java:19)
	at io.github.udonabe.donabe.ast.expr.AssignExpression.accept(AssignExpression.java:9)
	at io.github.udonabe.donabe.semantic.SemanticAnalyzer.visitExpressionStatement(SemanticAnalyzer.java:136)
	at io.github.udonabe.donabe.semantic.SemanticAnalyzer.visitExpressionStatement(SemanticAnalyzer.java:19)
	at io.github.udonabe.donabe.ast.statement.ExpressionStatement.accept(ExpressionStatement.java:10)
	at io.github.udonabe.donabe.semantic.SemanticAnalyzer.visitBlockStatement(SemanticAnalyzer.java:123)
	at io.github.udonabe.donabe.semantic.SemanticAnalyzer.visitBlockStatement(SemanticAnalyzer.java:19)
	at io.github.udonabe.donabe.ast.statement.BlockStatement.accept(BlockStatement.java:11)
	at io.github.udonabe.donabe.semantic.SemanticAnalyzer.visitWhileStatement(SemanticAnalyzer.java:192)
	at io.github.udonabe.donabe.semantic.SemanticAnalyzer.visitWhileStatement(SemanticAnalyzer.java:19)
	at io.github.udonabe.donabe.ast.statement.WhileStatement.accept(WhileStatement.java:11)
	at io.github.udonabe.donabe.semantic.SemanticAnalyzer.visitBlockStatement(SemanticAnalyzer.java:123)
	at io.github.udonabe.donabe.semantic.SemanticAnalyzer.visitBlockStatement(SemanticAnalyzer.java:19)
	at io.github.udonabe.donabe.ast.statement.BlockStatement.accept(BlockStatement.java:11)
	at io.github.udonabe.donabe.semantic.SemanticAnalyzer.visitProgram(SemanticAnalyzer.java:113)
	at io.github.udonabe.donabe.semantic.SemanticAnalyzer.visitProgram(SemanticAnalyzer.java:19)
	at io.github.udonabe.donabe.ast.Program.accept(Program.java:10)
	at io.github.udonabe.donabe.semantic.SemanticAnalyzer.check(SemanticAnalyzer.java:51)
	at io.github.udonabe.donabe.Main.call(Main.java:95)
	at io.github.udonabe.donabe.Main.call(Main.java:31)
	at picocli.CommandLine.executeUserObject(CommandLine.java:2031)
	at picocli.CommandLine.access$1500(CommandLine.java:148)
	at picocli.CommandLine$RunLast.executeUserObjectOfLastSubcommandWithSameParent(CommandLine.java:2469)
	at picocli.CommandLine$RunLast.handle(CommandLine.java:2461)
	at picocli.CommandLine$RunLast.handle(CommandLine.java:2423)
	at picocli.CommandLine$AbstractParseResultHandler.execute(CommandLine.java:2277)
	at picocli.CommandLine$RunLast.execute(CommandLine.java:2425)
	at picocli.CommandLine.execute(CommandLine.java:2174)
	at io.github.udonabe.donabe.Main.main(Main.java:62)
23:59:06.661 [main] INFO  i.g.udonabe.donabe.Main  - Donabe launched.
23:59:06.672 [main] DEBUG i.g.udonabe.donabe.Main  - Source file read.
23:59:06.680 [main] DEBUG i.g.udonabe.donabe.Main  - Lexical analysis successful.
23:59:06.765 [main] DEBUG i.g.udonabe.donabe.Main  - Parse successful.
23:59:06.798 [main] ERROR i.g.udonabe.donabe.Main  - An internal error has occurred.
java.lang.IllegalStateException: This identifier has already been resolved. value: 5 location: SourceFileLocation[line=12, column=4]
	at io.github.udonabe.donabe.ast.expr.Identifier.resolve(Identifier.java:26)
	at io.github.udonabe.donabe.semantic.SemanticAnalyzer.visitIdentifier(SemanticAnalyzer.java:288)
	at io.github.udonabe.donabe.semantic.SemanticAnalyzer.visitIdentifier(SemanticAnalyzer.java:18)
	at io.github.udonabe.donabe.ast.expr.Identifier.accept(Identifier.java:33)
	at io.github.udonabe.donabe.semantic.SemanticAnalyzer.visitBinaryExpression(SemanticAnalyzer.java:246)
	at io.github.udonabe.donabe.semantic.SemanticAnalyzer.visitBinaryExpression(SemanticAnalyzer.java:18)
	at io.github.udonabe.donabe.ast.expr.BinaryExpression.accept(BinaryExpression.java:10)
	at io.github.udonabe.donabe.semantic.SemanticAnalyzer.visitAssignExpression(SemanticAnalyzer.java:236)
	at io.github.udonabe.donabe.semantic.SemanticAnalyzer.visitAssignExpression(SemanticAnalyzer.java:18)
	at io.github.udonabe.donabe.ast.expr.AssignExpression.accept(AssignExpression.java:9)
	at io.github.udonabe.donabe.semantic.SemanticAnalyzer.visitExpressionStatement(SemanticAnalyzer.java:156)
	at io.github.udonabe.donabe.semantic.SemanticAnalyzer.visitExpressionStatement(SemanticAnalyzer.java:18)
	at io.github.udonabe.donabe.ast.statement.ExpressionStatement.accept(ExpressionStatement.java:10)
	at io.github.udonabe.donabe.semantic.SemanticAnalyzer.visitBlockStatement(SemanticAnalyzer.java:143)
	at io.github.udonabe.donabe.semantic.SemanticAnalyzer.visitBlockStatement(SemanticAnalyzer.java:18)
	at io.github.udonabe.donabe.ast.statement.BlockStatement.accept(BlockStatement.java:11)
	at io.github.udonabe.donabe.semantic.SemanticAnalyzer.visitWhileStatement(SemanticAnalyzer.java:212)
	at io.github.udonabe.donabe.semantic.SemanticAnalyzer.visitWhileStatement(SemanticAnalyzer.java:18)
	at io.github.udonabe.donabe.ast.statement.WhileStatement.accept(WhileStatement.java:11)
	at io.github.udonabe.donabe.semantic.SemanticAnalyzer.visitBlockStatement(SemanticAnalyzer.java:143)
	at io.github.udonabe.donabe.semantic.SemanticAnalyzer.visitBlockStatement(SemanticAnalyzer.java:18)
	at io.github.udonabe.donabe.ast.statement.BlockStatement.accept(BlockStatement.java:11)
	at io.github.udonabe.donabe.semantic.SemanticAnalyzer.visitProgram(SemanticAnalyzer.java:133)
	at io.github.udonabe.donabe.semantic.SemanticAnalyzer.visitProgram(SemanticAnalyzer.java:18)
	at io.github.udonabe.donabe.ast.Program.accept(Program.java:10)
	at io.github.udonabe.donabe.semantic.SemanticAnalyzer.check(SemanticAnalyzer.java:71)
	at io.github.udonabe.donabe.Main.call(Main.java:95)
	at io.github.udonabe.donabe.Main.call(Main.java:31)
	at picocli.CommandLine.executeUserObject(CommandLine.java:2031)
	at picocli.CommandLine.access$1500(CommandLine.java:148)
	at picocli.CommandLine$RunLast.executeUserObjectOfLastSubcommandWithSameParent(CommandLine.java:2469)
	at picocli.CommandLine$RunLast.handle(CommandLine.java:2461)
	at picocli.CommandLine$RunLast.handle(CommandLine.java:2423)
	at picocli.CommandLine$AbstractParseResultHandler.execute(CommandLine.java:2277)
	at picocli.CommandLine$RunLast.execute(CommandLine.java:2425)
	at picocli.CommandLine.execute(CommandLine.java:2174)
	at io.github.udonabe.donabe.Main.main(Main.java:62)
